part1: 2280
part2: vfvvnm,bvgm,rdksxt,xknb,hxntcz,bktzrz,srzqtccv,gbtmdb
