part1: 13920
part2: \n####..##..#....#..#.###..#....####...##.\n#....#..#.#....#..#.#..#.#....#.......#.\n###..#....#....####.###..#....###.....#.\n#....#.##.#....#..#.#..#.#....#.......#.\n#....#..#.#....#..#.#..#.#....#....#..#.\n####..###.####.#..#.###..####.#.....##..
