part1: 13140
part2: \n##..##..##..##..##..##..##..##..##..##..\n###...###...###...###...###...###...###.\n####....####....####....####....####....\n#####.....#####.....#####.....#####.....\n######......######......######......####\n#######.......#######.......#######.....
