part1: 14897079
part2: There is no part 2, Merry Christmas
