part1: 17
part2: #####\n#...#\n#...#\n#...#\n#####
