part1: 666
part2: .##....##.#..#..##..####.#..#.#..#.#..#\n#..#....#.#..#.#..#....#.#..#.#.#..#..#\n#.......#.####.#..#...#..####.##...#..#\n#.......#.#..#.####..#...#..#.#.#..#..#\n#..#.#..#.#..#.#..#.#....#..#.#.#..#..#\n.##...##..#..#.#..#.####.#..#.#..#..##.
