part1: 5025281
part2: There is no part 2, Merry Christmas
