part1: 436
1
10
27
78
438
1836
part2: 175594
2578
3544142
261214
6895259
18
362
