part1: 20-1-0=-2=-2220=0011
part2: Merry Christmas
